[    0.000000] Booting Linux on physical CPU 0x0
[    0.000000] Linux version 4.9.59-v7+ (dc4@dc4-XPS13-9333) (gcc version 4.9.3 (crosstool-NG crosstool-ng-1.22.0-88-g8460611) ) #1047 SMP Sun Oct 29 12:19:23 GMT 2017
[    0.000000] CPU: ARMv7 Processor [410fd034] revision 4 (ARMv7), cr=10c5383d
[    0.000000] CPU: div instructions available: patching division code
[    0.000000] CPU: PIPT / VIPT nonaliasing data cache, VIPT aliasing instruction cache
[    0.000000] OF: fdt:Machine model: Raspberry Pi 3 Model B Rev 1.2
[    0.000000] cma: Reserved 8 MiB at 0x3ac00000
[    0.000000] Memory policy: Data cache writealloc
[    0.000000] On node 0 totalpages: 242688
[    0.000000] free_area_init_node: node 0, pgdat 80c6f380, node_mem_map ba3a1000
[    0.000000]   Normal zone: 2133 pages used for memmap
[    0.000000]   Normal zone: 0 pages reserved
[    0.000000]   Normal zone: 242688 pages, LIFO batch:31
[    0.000000] percpu: Embedded 14 pages/cpu @ba35b000 s25600 r8192 d23552 u57344
[    0.000000] pcpu-alloc: s25600 r8192 d23552 u57344 alloc=14*4096
[    0.000000] pcpu-alloc: [0] 0 [0] 1 [0] 2 [0] 3 
[    0.000000] Built 1 zonelists in Zone order, mobility grouping on.  Total pages: 240555
[    0.000000] Kernel command line: 8250.nr_uarts=0 bcm2708_fb.fbwidth=1024 bcm2708_fb.fbheight=600 bcm2708_fb.fbswap=1 vc_mem.mem_base=0x3ec00000 vc_mem.mem_size=0x40000000  dwc_otg.lpm_enable=0 console=ttyS0,115200 console=tty1 root=PARTUUID=4b96e192-02 rootfstype=ext4 elevator=deadline fsck.repair=yes rootwait quiet splash plymouth.ignore-serial-consoles
[    0.000000] PID hash table entries: 4096 (order: 2, 16384 bytes)
[    0.000000] Dentry cache hash table entries: 131072 (order: 7, 524288 bytes)
[    0.000000] Inode-cache hash table entries: 65536 (order: 6, 262144 bytes)
[    0.000000] Memory: 940364K/970752K available (7168K kernel code, 486K rwdata, 2012K rodata, 1024K init, 770K bss, 22196K reserved, 8192K cma-reserved)
[    0.000000] Virtual kernel memory layout:
                   vector  : 0xffff0000 - 0xffff1000   (   4 kB)
                   fixmap  : 0xffc00000 - 0xfff00000   (3072 kB)
                   vmalloc : 0xbb800000 - 0xff800000   (1088 MB)
                   lowmem  : 0x80000000 - 0xbb400000   ( 948 MB)
                   modules : 0x7f000000 - 0x80000000   (  16 MB)
                     .text : 0x80008000 - 0x80800000   (8160 kB)
                     .init : 0x80b00000 - 0x80c00000   (1024 kB)
                     .data : 0x80c00000 - 0x80c79834   ( 487 kB)
                      .bss : 0x80c7b000 - 0x80d3b964   ( 771 kB)
[    0.000000] SLUB: HWalign=64, Order=0-3, MinObjects=0, CPUs=4, Nodes=1
[    0.000000] Hierarchical RCU implementation.
[    0.000000] 	Build-time adjustment of leaf fanout to 32.
[    0.000000] NR_IRQS:16 nr_irqs:16 16
[    0.000000] arm_arch_timer: Architected cp15 timer(s) running at 19.20MHz (phys).
[    0.000000] clocksource: arch_sys_counter: mask: 0xffffffffffffff max_cycles: 0x46d987e47, max_idle_ns: 440795202767 ns
[    0.000007] sched_clock: 56 bits at 19MHz, resolution 52ns, wraps every 4398046511078ns
[    0.000018] Switching to timer-based delay loop, resolution 52ns
[    0.000295] Console: colour dummy device 80x30
[    0.000310] console [tty1] enabled
[    0.000330] Calibrating delay loop (skipped), value calculated using timer frequency.. 38.40 BogoMIPS (lpj=192000)
[    0.000346] pid_max: default: 32768 minimum: 301
[    0.000650] Mount-cache hash table entries: 2048 (order: 1, 8192 bytes)
[    0.000659] Mountpoint-cache hash table entries: 2048 (order: 1, 8192 bytes)
[    0.001662] Disabling memory control group subsystem
[    0.001733] CPU: Testing write buffer coherency: ok
[    0.001767] ftrace: allocating 22392 entries in 66 pages
[    0.048832] CPU0: update cpu_capacity 1024
[    0.048848] CPU0: thread -1, cpu 0, socket 0, mpidr 80000000
[    0.048884] Setting up static identity map for 0x100000 - 0x100034
[    0.050749] CPU1: update cpu_capacity 1024
[    0.050757] CPU1: thread -1, cpu 1, socket 0, mpidr 80000001
[    0.051443] CPU2: update cpu_capacity 1024
[    0.051450] CPU2: thread -1, cpu 2, socket 0, mpidr 80000002
[    0.052120] CPU3: update cpu_capacity 1024
[    0.052127] CPU3: thread -1, cpu 3, socket 0, mpidr 80000003
[    0.052214] Brought up 4 CPUs
[    0.052224] SMP: Total of 4 processors activated (153.60 BogoMIPS).
[    0.052228] CPU: All CPU(s) started in HYP mode.
[    0.052232] CPU: Virtualization extensions available.
[    0.053026] devtmpfs: initialized
[    0.064562] VFP support v0.3: implementor 41 architecture 3 part 40 variant 3 rev 4
[    0.064832] clocksource: jiffies: mask: 0xffffffff max_cycles: 0xffffffff, max_idle_ns: 19112604462750000 ns
[    0.064849] futex hash table entries: 1024 (order: 4, 65536 bytes)
[    0.065380] pinctrl core: initialized pinctrl subsystem
[    0.066278] NET: Registered protocol family 16
[    0.068621] DMA: preallocated 1024 KiB pool for atomic coherent allocations
[    0.077621] hw-breakpoint: found 5 (+1 reserved) breakpoint and 4 watchpoint registers.
[    0.077628] hw-breakpoint: maximum watchpoint size is 8 bytes.
[    0.077774] Serial: AMBA PL011 UART driver
[    0.079660] bcm2835-mbox 3f00b880.mailbox: mailbox enabled
[    0.080198] uart-pl011 3f201000.serial: could not find pctldev for node /soc/gpio@7e200000/uart0_pins, deferring probe
[    0.149662] bcm2835-dma 3f007000.dma: DMA legacy API manager at bb80f000, dmachans=0x1
[    0.151499] SCSI subsystem initialized
[    0.151651] usbcore: registered new interface driver usbfs
[    0.151728] usbcore: registered new interface driver hub
[    0.151818] usbcore: registered new device driver usb
[    0.158637] raspberrypi-firmware soc:firmware: Attached to firmware from 2017-10-24 17:09
[    0.160107] clocksource: Switched to clocksource arch_sys_counter
[    0.207141] VFS: Disk quotas dquot_6.6.0
[    0.207218] VFS: Dquot-cache hash table entries: 1024 (order 0, 4096 bytes)
[    0.207433] FS-Cache: Loaded
[    0.207682] CacheFiles: Loaded
[    0.219780] NET: Registered protocol family 2
[    0.220689] TCP established hash table entries: 8192 (order: 3, 32768 bytes)
[    0.220797] TCP bind hash table entries: 8192 (order: 4, 65536 bytes)
[    0.220981] TCP: Hash tables configured (established 8192 bind 8192)
[    0.221068] UDP hash table entries: 512 (order: 2, 16384 bytes)
[    0.221109] UDP-Lite hash table entries: 512 (order: 2, 16384 bytes)
[    0.221313] NET: Registered protocol family 1
[    0.221720] RPC: Registered named UNIX socket transport module.
[    0.221725] RPC: Registered udp transport module.
[    0.221729] RPC: Registered tcp transport module.
[    0.221734] RPC: Registered tcp NFSv4.1 backchannel transport module.
[    0.222809] hw perfevents: enabled with armv7_cortex_a7 PMU driver, 7 counters available
[    0.225100] workingset: timestamp_bits=14 max_order=18 bucket_order=4
[    0.241138] FS-Cache: Netfs 'nfs' registered for caching
[    0.242119] NFS: Registering the id_resolver key type
[    0.242150] Key type id_resolver registered
[    0.242154] Key type id_legacy registered
[    0.244538] Block layer SCSI generic (bsg) driver version 0.4 loaded (major 251)
[    0.244653] io scheduler noop registered
[    0.244659] io scheduler deadline registered (default)
[    0.244908] io scheduler cfq registered
[    0.250583] BCM2708FB: allocated DMA memory fad10000
[    0.250606] BCM2708FB: allocated DMA channel 0 @ bb80f000
[    0.268514] Console: switching to colour frame buffer device 128x37
[    0.279836] bcm2835-rng 3f104000.rng: hwrng registered
[    0.279958] vc-mem: phys_addr:0x00000000 mem_base=0x3ec00000 mem_size:0x40000000(1024 MiB)
[    0.280557] vc-sm: Videocore shared memory driver
[    0.295378] brd: module loaded
[    0.304180] loop: module loaded
[    0.304191] Loading iSCSI transport class v2.0-870.
[    0.304710] usbcore: registered new interface driver smsc95xx
[    0.304725] dwc_otg: version 3.00a 10-AUG-2012 (platform bus)
[    0.532796] Core Release: 2.80a
[    0.532804] Setting default values for core params
[    0.532834] Finished setting default values for core params
[    0.733222] Using Buffer DMA mode
[    0.733227] Periodic Transfer Interrupt Enhancement - disabled
[    0.733231] Multiprocessor Interrupt Enhancement - disabled
[    0.733237] OTG VER PARAM: 0, OTG VER FLAG: 0
[    0.733250] Dedicated Tx FIFOs mode
[    0.733593] WARN::dwc_otg_hcd_init:1032: FIQ DMA bounce buffers: virt = 0xbad04000 dma = 0xfad04000 len=9024
[    0.733617] FIQ FSM acceleration enabled for :
               Non-periodic Split Transactions
               Periodic Split Transactions
               High-Speed Isochronous Endpoints
               Interrupt/Control Split Transaction hack enabled
[    0.733624] dwc_otg: Microframe scheduler enabled
[    0.733672] WARN::hcd_init_fiq:459: FIQ on core 1 at 0x8058f5b0
[    0.733682] WARN::hcd_init_fiq:460: FIQ ASM at 0x8058f920 length 36
[    0.733693] WARN::hcd_init_fiq:486: MPHI regs_base at 0xbb87a000
[    0.733750] dwc_otg 3f980000.usb: DWC OTG Controller
[    0.733785] dwc_otg 3f980000.usb: new USB bus registered, assigned bus number 1
[    0.733814] dwc_otg 3f980000.usb: irq 62, io mem 0x00000000
[    0.733861] Init: Port Power? op_state=1
[    0.733866] Init: Power Port (0)
[    0.734071] usb usb1: New USB device found, idVendor=1d6b, idProduct=0002
[    0.734081] usb usb1: New USB device strings: Mfr=3, Product=2, SerialNumber=1
[    0.734089] usb usb1: Product: DWC OTG Controller
[    0.734096] usb usb1: Manufacturer: Linux 4.9.59-v7+ dwc_otg_hcd
[    0.734104] usb usb1: SerialNumber: 3f980000.usb
[    0.734920] hub 1-0:1.0: USB hub found
[    0.734957] hub 1-0:1.0: 1 port detected
[    0.735646] dwc_otg: FIQ enabled
[    0.735651] dwc_otg: NAK holdoff enabled
[    0.735655] dwc_otg: FIQ split-transaction FSM enabled
[    0.735668] Module dwc_common_port init
[    0.735896] usbcore: registered new interface driver usb-storage
[    0.736118] mousedev: PS/2 mouse device common for all mice
[    0.737062] bcm2835-wdt 3f100000.watchdog: Broadcom BCM2835 watchdog timer
[    0.737345] bcm2835-cpufreq: min=600000 max=1200000
[    0.737744] sdhci: Secure Digital Host Controller Interface driver
[    0.737748] sdhci: Copyright(c) Pierre Ossman
[    0.738024] sdhost-bcm2835 3f202000.sdhost: could not get clk, deferring probe
[    0.740218] mmc-bcm2835 3f300000.mmc: could not get clk, deferring probe
[    0.740319] sdhci-pltfm: SDHCI platform and OF driver helper
[    0.742935] ledtrig-cpu: registered to indicate activity on CPUs
[    0.743121] hidraw: raw HID events driver (C) Jiri Kosina
[    0.743313] usbcore: registered new interface driver usbhid
[    0.743317] usbhid: USB HID core driver
[    0.744092] vchiq: vchiq_init_state: slot_zero = 0xbad80000, is_master = 0
[    0.745766] [vc_sm_connected_init]: start
[    0.754437] [vc_sm_connected_init]: end - returning 0
[    0.754800] Initializing XFRM netlink socket
[    0.754822] NET: Registered protocol family 17
[    0.754945] Key type dns_resolver registered
[    0.755447] Registering SWP/SWPB emulation handler
[    0.756129] registered taskstats version 1
[    0.762342] uart-pl011 3f201000.serial: cts_event_workaround enabled
[    0.762407] 3f201000.serial: ttyAMA0 at MMIO 0x3f201000 (irq = 87, base_baud = 0) is a PL011 rev2
[    0.763950] sdhost: log_buf @ bad07000 (fad07000)
[    0.840139] mmc0: sdhost-bcm2835 loaded - DMA enabled (>1)
[    0.842347] mmc-bcm2835 3f300000.mmc: mmc_debug:0 mmc_debug2:0
[    0.842355] mmc-bcm2835 3f300000.mmc: DMA channel allocated
[    0.900252] of_cfs_init
[    0.900361] of_cfs_init: OK
[    0.900851] Waiting for root device PARTUUID=4b96e192-02...
[    0.919233] mmc1: queuing unknown CIS tuple 0x80 (2 bytes)
[    0.920794] mmc1: queuing unknown CIS tuple 0x80 (3 bytes)
[    0.922341] mmc1: queuing unknown CIS tuple 0x80 (3 bytes)
[    0.925120] mmc1: queuing unknown CIS tuple 0x80 (7 bytes)
[    0.950208] Indeed it is in host mode hprt0 = 00021501
[    1.018613] random: fast init done
[    1.020454] mmc0: host does not support reading read-only switch, assuming write-enable
[    1.023500] mmc0: new high speed SDHC card at address aaaa
[    1.024126] mmcblk0: mmc0:aaaa SC32G 29.7 GiB
[    1.026700]  mmcblk0: p1 p2
[    1.079967] mmc1: new high speed SDIO card at address 0001
[    1.144492] EXT4-fs (mmcblk0p2): INFO: recovery required on readonly filesystem
[    1.144499] EXT4-fs (mmcblk0p2): write access will be enabled during recovery
[    1.150152] usb 1-1: new high-speed USB device number 2 using dwc_otg
[    1.150277] Indeed it is in host mode hprt0 = 00001101
[    1.270674] EXT4-fs (mmcblk0p2): recovery complete
[    1.272387] EXT4-fs (mmcblk0p2): mounted filesystem with ordered data mode. Opts: (null)
[    1.272441] VFS: Mounted root (ext4 filesystem) readonly on device 179:2.
[    1.273328] devtmpfs: mounted
[    1.275210] Freeing unused kernel memory: 1024K
[    1.380442] usb 1-1: New USB device found, idVendor=0424, idProduct=9514
[    1.380455] usb 1-1: New USB device strings: Mfr=0, Product=0, SerialNumber=0
[    1.381275] hub 1-1:1.0: USB hub found
[    1.381367] hub 1-1:1.0: 5 ports detected
[    1.680786] systemd[1]: System time before build time, advancing clock.
[    1.700154] usb 1-1.1: new high-speed USB device number 3 using dwc_otg
[    1.816817] NET: Registered protocol family 10
[    1.829296] ip_tables: (C) 2000-2006 Netfilter Core Team
[    1.840472] usb 1-1.1: New USB device found, idVendor=0424, idProduct=ec00
[    1.840485] usb 1-1.1: New USB device strings: Mfr=0, Product=0, SerialNumber=0
[    1.843254] smsc95xx v1.0.5
[    1.858545] systemd[1]: systemd 232 running in system mode. (+PAM +AUDIT +SELINUX +IMA +APPARMOR +SMACK +SYSVINIT +UTMP +LIBCRYPTSETUP +GCRYPT +GNUTLS +ACL +XZ +LZ4 +SECCOMP +BLKID +ELFUTILS +KMOD +IDN)
[    1.859088] systemd[1]: Detected architecture arm.
[    1.860069] systemd[1]: Set hostname to <raspberrypi>.
[    1.935260] smsc95xx 1-1.1:1.0 eth0: register 'smsc95xx' at usb-3f980000.usb-1.1, smsc95xx USB 2.0 Ethernet, b8:27:eb:57:b0:42
[    2.040172] usb 1-1.3: new full-speed USB device number 4 using dwc_otg
[    2.183534] usb 1-1.3: New USB device found, idVendor=0eef, idProduct=0005
[    2.183547] usb 1-1.3: New USB device strings: Mfr=1, Product=2, SerialNumber=3
[    2.183555] usb 1-1.3: Product: WaveShare Touchscreen
[    2.183563] usb 1-1.3: Manufacturer: WaveShare
[    2.183571] usb 1-1.3: SerialNumber: 2016-11-06
[    2.280169] usb 1-1.4: new low-speed USB device number 5 using dwc_otg
[    2.328670] systemd[1]: Reached target Swap.
[    2.329290] systemd[1]: Listening on Syslog Socket.
[    2.330065] systemd[1]: Set up automount Arbitrary Executable File Formats File System Automount Point.
[    2.348584] systemd[1]: Listening on Journal Socket.
[    2.348848] systemd[1]: Listening on Journal Socket (/dev/log).
[    2.349621] systemd[1]: Created slice System Slice.
[    2.353088] systemd[1]: Mounting POSIX Message Queue File System...
[    2.426218] usb 1-1.4: New USB device found, idVendor=046d, idProduct=c05a
[    2.426235] usb 1-1.4: New USB device strings: Mfr=1, Product=2, SerialNumber=0
[    2.426244] usb 1-1.4: Product: USB Optical Mouse
[    2.426251] usb 1-1.4: Manufacturer: Logitech
[    2.438281] input: Logitech USB Optical Mouse as /devices/platform/soc/3f980000.usb/usb1/1-1/1-1.4/1-1.4:1.0/0003:046D:C05A.0002/input/input0
[    2.438836] hid-generic 0003:046D:C05A.0002: input,hidraw0: USB HID v1.11 Mouse [Logitech USB Optical Mouse] on usb-3f980000.usb-1.4/input0
[    2.452695] i2c /dev entries driver
[    2.530212] usb 1-1.5: new high-speed USB device number 6 using dwc_otg
[    2.666640] usb 1-1.5: New USB device found, idVendor=2109, idProduct=2813
[    2.666657] usb 1-1.5: New USB device strings: Mfr=1, Product=2, SerialNumber=0
[    2.666666] usb 1-1.5: Product: USB2.0 Hub
[    2.666673] usb 1-1.5: Manufacturer: VIA Labs, Inc.
[    2.667911] hub 1-1.5:1.0: USB hub found
[    2.668618] hub 1-1.5:1.0: 4 ports detected
[    2.863811] EXT4-fs (mmcblk0p2): re-mounted. Opts: (null)
[    2.977616] systemd-journald[118]: Received request to flush runtime journal from PID 1
[    3.010223] usb 1-1.5.1: new high-speed USB device number 7 using dwc_otg
[    3.152090] usb 1-1.5.1: New USB device found, idVendor=2109, idProduct=2813
[    3.152107] usb 1-1.5.1: New USB device strings: Mfr=1, Product=2, SerialNumber=0
[    3.152115] usb 1-1.5.1: Product: USB2.0 Hub
[    3.152123] usb 1-1.5.1: Manufacturer: VIA Labs, Inc.
[    3.153317] hub 1-1.5.1:1.0: USB hub found
[    3.154085] hub 1-1.5.1:1.0: 4 ports detected
[    3.490194] usb 1-1.5.1.2: new full-speed USB device number 8 using dwc_otg
[    3.604486] gpiomem-bcm2835 3f200000.gpiomem: Initialised: Registers at 0x3f200000
[    3.634696] usb 1-1.5.1.2: New USB device found, idVendor=413c, idProduct=1005
[    3.634712] usb 1-1.5.1.2: New USB device strings: Mfr=1, Product=2, SerialNumber=0
[    3.634721] usb 1-1.5.1.2: Product: Dell Multimedia Pro Keyboard Hub
[    3.634728] usb 1-1.5.1.2: Manufacturer: Dell
[    3.638998] hub 1-1.5.1.2:1.0: USB hub found
[    3.639561] hub 1-1.5.1.2:1.0: 3 ports detected
[    3.769119] audioinjector-stereo soc:sound: ASoC: CODEC DAI wm8731-hifi not registered - will retry
[    3.769137] audioinjector-stereo soc:sound: snd_soc_register_card failed (-517)
[    3.811165] wm8731 1-001a: Assuming static MCLK
[    3.811204] 1-001a supply AVDD not found, using dummy regulator
[    3.811284] 1-001a supply HPVDD not found, using dummy regulator
[    3.811372] 1-001a supply DCVDD not found, using dummy regulator
[    3.811434] 1-001a supply DBVDD not found, using dummy regulator
[    3.829503] audioinjector-stereo soc:sound: wm8731-hifi <-> 3f203000.i2s mapping ok
[    3.852452] rtc-ds1307 1-0068: rtc core: registered ds3231 as rtc0
[    3.869131] input: WaveShare WaveShare Touchscreen as /devices/platform/soc/3f980000.usb/usb1/1-1/1-1.3/1-1.3:1.0/0003:0EEF:0005.0001/input/input1
[    3.869757] brcmfmac: F1 signature read @0x18000000=0x1541a9a6
[    3.872372] hid-multitouch 0003:0EEF:0005.0001: input,hidraw1: USB HID v1.11 Device [WaveShare WaveShare Touchscreen] on usb-3f980000.usb-1.3/input0
[    3.880681] usbcore: registered new interface driver brcmfmac
[    3.960202] usb 1-1.5.1.2.1: new low-speed USB device number 9 using dwc_otg
[    4.072311] brcmfmac: Firmware version = wl0: Aug  7 2017 00:46:29 version 7.45.41.46 (r666254 CY) FWID 01-f8a78378
[    4.073092] brcmfmac: brcmf_c_preinit_dcmds: CLM version = API: 12.2 Data: 7.11.15 Compiler: 1.24.2 ClmImport: 1.24.1 Creation: 2014-05-26 10:53:55 Inc Data: 9.10.41 Inc Compiler: 1.29.4 Inc ClmImport: 1.36.3 Creation: 2017-08-07 00:37:47 
[    4.107820] usb 1-1.5.1.2.1: New USB device found, idVendor=413c, idProduct=2011
[    4.107835] usb 1-1.5.1.2.1: New USB device strings: Mfr=1, Product=2, SerialNumber=0
[    4.107844] usb 1-1.5.1.2.1: Product: Dell Multimedia Pro Keyboard
[    4.107852] usb 1-1.5.1.2.1: Manufacturer: Dell
[    4.122061] input: Dell Dell Multimedia Pro Keyboard as /devices/platform/soc/3f980000.usb/usb1/1-1/1-1.5/1-1.5.1/1-1.5.1.2/1-1.5.1.2.1/1-1.5.1.2.1:1.0/0003:413C:2011.0003/input/input2
[    4.191747] hid-generic 0003:413C:2011.0003: input,hidraw2: USB HID v1.10 Keyboard [Dell Dell Multimedia Pro Keyboard] on usb-3f980000.usb-1.5.1.2.1/input0
[    4.222444] input: Dell Dell Multimedia Pro Keyboard as /devices/platform/soc/3f980000.usb/usb1/1-1/1-1.5/1-1.5.1/1-1.5.1.2/1-1.5.1.2.1/1-1.5.1.2.1:1.1/0003:413C:2011.0004/input/input3
[    4.290737] hid-generic 0003:413C:2011.0004: input,hidraw3: USB HID v1.10 Device [Dell Dell Multimedia Pro Keyboard] on usb-3f980000.usb-1.5.1.2.1/input1
[    5.371686] random: crng init done
[    5.377265] uart-pl011 3f201000.serial: no DMA platform data
[    5.712092] IPv6: ADDRCONF(NETDEV_UP): wlan0: link is not ready
[    5.712144] brcmfmac: power management disabled
[    6.262482] smsc95xx 1-1.1:1.0 eth0: hardware isn't capable of remote wakeup
[    6.262973] IPv6: ADDRCONF(NETDEV_UP): eth0: link is not ready
[    6.669277] IPv6: ADDRCONF(NETDEV_CHANGE): wlan0: link becomes ready
[    6.865913] Adding 102396k swap on /var/swap.  Priority:-1 extents:1 across:102396k SSFS
[    9.882935] Bluetooth: Core ver 2.22
[    9.883012] NET: Registered protocol family 31
[    9.883017] Bluetooth: HCI device and connection manager initialized
[    9.883037] Bluetooth: HCI socket layer initialized
[    9.883050] Bluetooth: L2CAP socket layer initialized
[    9.883081] Bluetooth: SCO socket layer initialized
[    9.896584] Bluetooth: HCI UART driver ver 2.3
[    9.896602] Bluetooth: HCI UART protocol H4 registered
[    9.896614] Bluetooth: HCI UART protocol Three-wire (H5) registered
[    9.896789] Bluetooth: HCI UART protocol Broadcom registered
[   10.087053] Bluetooth: BNEP (Ethernet Emulation) ver 1.3
[   10.087064] Bluetooth: BNEP filters: protocol multicast
[   10.087082] Bluetooth: BNEP socket layer initialized
[   10.187379] Bluetooth: RFCOMM TTY layer initialized
[   10.187406] Bluetooth: RFCOMM socket layer initialized
[   10.187436] Bluetooth: RFCOMM ver 1.11
[   13.521032] fuse init (API version 7.26)
[  157.547508] usb 1-1.2: new high-speed USB device number 10 using dwc_otg
[  157.678220] usb 1-1.2: New USB device found, idVendor=0720, idProduct=0013
[  157.678236] usb 1-1.2: New USB device strings: Mfr=1, Product=2, SerialNumber=0
[  157.678244] usb 1-1.2: Product: KEYENCE LK-G5000  
[  157.678252] usb 1-1.2: Manufacturer: KEYENCE          
